[  9%] Built target dynamixel_ros2_lib
[ 14%] [32mBuilding CXX object CMakeFiles/mifunciones.dir/src/ft_full_manual_mode.cpp.o[0m
[ 42%] Built target testPositionControl
[ 42%] Built target pinzaTest
[ 42%] Built target testPWMControl
[ 66%] Built target testCommunication
[ 66%] Built target dmxlParamsMonitor
[ 71%] Built target blinkingLED
[ 76%] [32m[1mLinking CXX static library libmifunciones.a[0m
[ 90%] Built target mifunciones
[ 95%] [32m[1mLinking CXX executable tester[0m
[100%] Built target tester
-- Install configuration: ""
-- Installing: /home/rodrigo/ros2_ws/install/robotarm/lib/robotarm/tester
-- Set non-toolchain portion of runtime path of "/home/rodrigo/ros2_ws/install/robotarm/lib/robotarm/tester" to "$ORIGIN"
-- Up-to-date: /home/rodrigo/ros2_ws/install/robotarm/lib/robotarm/libdynamixel_ros2_lib.so
-- Up-to-date: /home/rodrigo/ros2_ws/install/robotarm/lib/robotarm/libservo_api.so
-- Up-to-date: /home/rodrigo/ros2_ws/install/robotarm/share/ament_index/resource_index/package_run_dependencies/robotarm
-- Up-to-date: /home/rodrigo/ros2_ws/install/robotarm/share/ament_index/resource_index/parent_prefix_path/robotarm
-- Up-to-date: /home/rodrigo/ros2_ws/install/robotarm/share/robotarm/environment/ament_prefix_path.sh
-- Up-to-date: /home/rodrigo/ros2_ws/install/robotarm/share/robotarm/environment/ament_prefix_path.dsv
-- Up-to-date: /home/rodrigo/ros2_ws/install/robotarm/share/robotarm/environment/path.sh
-- Up-to-date: /home/rodrigo/ros2_ws/install/robotarm/share/robotarm/environment/path.dsv
-- Up-to-date: /home/rodrigo/ros2_ws/install/robotarm/share/robotarm/local_setup.bash
-- Up-to-date: /home/rodrigo/ros2_ws/install/robotarm/share/robotarm/local_setup.sh
-- Up-to-date: /home/rodrigo/ros2_ws/install/robotarm/share/robotarm/local_setup.zsh
-- Up-to-date: /home/rodrigo/ros2_ws/install/robotarm/share/robotarm/local_setup.dsv
-- Installing: /home/rodrigo/ros2_ws/install/robotarm/share/robotarm/package.dsv
-- Up-to-date: /home/rodrigo/ros2_ws/install/robotarm/share/ament_index/resource_index/packages/robotarm
-- Up-to-date: /home/rodrigo/ros2_ws/install/robotarm/share/robotarm/cmake/robotarmConfig.cmake
-- Up-to-date: /home/rodrigo/ros2_ws/install/robotarm/share/robotarm/cmake/robotarmConfig-version.cmake
-- Up-to-date: /home/rodrigo/ros2_ws/install/robotarm/share/robotarm/package.xml
-- Up-to-date: /home/rodrigo/ros2_ws/install/robotarm/include
-- Up-to-date: /home/rodrigo/ros2_ws/install/robotarm/include/dynamixel_ros2.h
-- Up-to-date: /home/rodrigo/ros2_ws/install/robotarm/lib/dynamixel_ros2/testCommunication
-- Up-to-date: /home/rodrigo/ros2_ws/install/robotarm/lib/dynamixel_ros2/blinkingLED
-- Up-to-date: /home/rodrigo/ros2_ws/install/robotarm/lib/dynamixel_ros2/testPositionControl
-- Up-to-date: /home/rodrigo/ros2_ws/install/robotarm/lib/dynamixel_ros2/testPWMControl
-- Up-to-date: /home/rodrigo/ros2_ws/install/robotarm/lib/dynamixel_ros2/dmxlParamsMonitor
-- Up-to-date: /home/rodrigo/ros2_ws/install/robotarm/lib/dynamixel_ros2/pinzaTest
-- Up-to-date: /home/rodrigo/ros2_ws/install/robotarm/lib/libdynamixel_ros2_lib.so
-- Up-to-date: /home/rodrigo/ros2_ws/install/robotarm/share/dynamixel_ros2/environment/library_path.sh
-- Up-to-date: /home/rodrigo/ros2_ws/install/robotarm/share/dynamixel_ros2/environment/library_path.dsv
-- Up-to-date: /home/rodrigo/ros2_ws/install/robotarm/share/ament_index/resource_index/package_run_dependencies/dynamixel_ros2
-- Up-to-date: /home/rodrigo/ros2_ws/install/robotarm/share/ament_index/resource_index/parent_prefix_path/dynamixel_ros2
-- Up-to-date: /home/rodrigo/ros2_ws/install/robotarm/share/dynamixel_ros2/environment/ament_prefix_path.sh
-- Up-to-date: /home/rodrigo/ros2_ws/install/robotarm/share/dynamixel_ros2/environment/ament_prefix_path.dsv
-- Up-to-date: /home/rodrigo/ros2_ws/install/robotarm/share/dynamixel_ros2/environment/path.sh
-- Up-to-date: /home/rodrigo/ros2_ws/install/robotarm/share/dynamixel_ros2/environment/path.dsv
-- Up-to-date: /home/rodrigo/ros2_ws/install/robotarm/share/dynamixel_ros2/local_setup.bash
-- Up-to-date: /home/rodrigo/ros2_ws/install/robotarm/share/dynamixel_ros2/local_setup.sh
-- Up-to-date: /home/rodrigo/ros2_ws/install/robotarm/share/dynamixel_ros2/local_setup.zsh
-- Up-to-date: /home/rodrigo/ros2_ws/install/robotarm/share/dynamixel_ros2/local_setup.dsv
-- Up-to-date: /home/rodrigo/ros2_ws/install/robotarm/share/dynamixel_ros2/package.dsv
-- Up-to-date: /home/rodrigo/ros2_ws/install/robotarm/share/ament_index/resource_index/packages/dynamixel_ros2
-- Up-to-date: /home/rodrigo/ros2_ws/install/robotarm/share/dynamixel_ros2/cmake/ament_cmake_export_include_directories-extras.cmake
-- Up-to-date: /home/rodrigo/ros2_ws/install/robotarm/share/dynamixel_ros2/cmake/ament_cmake_export_libraries-extras.cmake
-- Up-to-date: /home/rodrigo/ros2_ws/install/robotarm/share/dynamixel_ros2/cmake/dynamixel_ros2Config.cmake
-- Up-to-date: /home/rodrigo/ros2_ws/install/robotarm/share/dynamixel_ros2/cmake/dynamixel_ros2Config-version.cmake
-- Up-to-date: /home/rodrigo/ros2_ws/install/robotarm/share/dynamixel_ros2/package.xml
