[0.008s] Invoking command in '/home/rodrigo/ros2_ws/build/robotarm': CMAKE_PREFIX_PATH=${CMAKE_PREFIX_PATH}:/opt/ros/jazzy DEBUGINFOD_URLS=https://debuginfod.ubuntu.com /usr/bin/cmake --build /home/rodrigo/ros2_ws/build/robotarm -- -j12 -l12
[0.053s] [  9%] Built target dynamixel_ros2_lib
[0.056s] [ 14%] [32mBuilding CXX object CMakeFiles/mifunciones.dir/src/ft_full_manual_mode.cpp.o[0m
[0.073s] [ 42%] Built target testPositionControl
[0.073s] [ 42%] Built target pinzaTest
[0.073s] [ 42%] Built target testPWMControl
[0.077s] [ 66%] Built target testCommunication
[0.077s] [ 66%] Built target dmxlParamsMonitor
[0.077s] [ 71%] Built target blinkingLED
[0.724s] [01m[K/home/rodrigo/ros2_ws/src/RoboticArm C++/src/ft_full_manual_mode.cpp:[m[K In function ‘[01m[Kvoid[01;32m[K print_variables[m[K(RoboArm*, Var_motors*)[m[K’:
[0.724s] [01m[K/home/rodrigo/ros2_ws/src/RoboticArm C++/src/ft_full_manual_mode.cpp:223:20:[m[K [01;35m[Kwarning: [m[Kformat ‘[01m[K%d[m[K’ expects argument of type ‘[01m[Kint[m[K’, but argument 29 has type ‘[01m[Kuint8_t**[m[K’ {aka ‘[01m[Kunsigned char**[m[K’} [[01;35m[K]8;;https://gcc.gnu.org/onlinedocs/gcc/Warning-Options.html#index-Wformat=-Wformat=]8;;[m[K]
[0.724s]   223 |             "IDS  [01;35m[K%d[m[K"
[0.724s]       |                   [01;35m[K~^[m[K
[0.724s]       |                    [01;35m[K|[m[K
[0.724s]       |                    [01;35m[Kint[m[K
[0.724s] ......
[0.724s]   226 |             var_m->t.motor_1,var_m->c.motor_1,var_m->t.motor_2,var_m->c.motor_2,var_m->t.motor_3,var_m->c.motor_3,vel_max,acc_i,acc_f,[32m[K&idss[4][m[K);
[0.724s]       |                                                                                                                                       [32m[K~~~~~~~~[m[K
[0.725s]       |                                                                                                                                       [32m[K|[m[K
[0.725s]       |                                                                                                                                       [32m[Kuint8_t** {aka unsigned char**}[m[K
[0.956s] [ 76%] [32m[1mLinking CXX static library libmifunciones.a[0m
[0.980s] [ 90%] Built target mifunciones
[0.997s] [ 95%] [32m[1mLinking CXX executable tester[0m
[1.118s] [100%] Built target tester
[1.128s] Invoked command in '/home/rodrigo/ros2_ws/build/robotarm' returned '0': CMAKE_PREFIX_PATH=${CMAKE_PREFIX_PATH}:/opt/ros/jazzy DEBUGINFOD_URLS=https://debuginfod.ubuntu.com /usr/bin/cmake --build /home/rodrigo/ros2_ws/build/robotarm -- -j12 -l12
[1.136s] Invoking command in '/home/rodrigo/ros2_ws/build/robotarm': CMAKE_PREFIX_PATH=${CMAKE_PREFIX_PATH}:/opt/ros/jazzy DEBUGINFOD_URLS=https://debuginfod.ubuntu.com /usr/bin/cmake --install /home/rodrigo/ros2_ws/build/robotarm
[1.143s] -- Install configuration: ""
[1.143s] -- Installing: /home/rodrigo/ros2_ws/install/robotarm/lib/robotarm/tester
[1.144s] -- Set non-toolchain portion of runtime path of "/home/rodrigo/ros2_ws/install/robotarm/lib/robotarm/tester" to "$ORIGIN"
[1.144s] -- Up-to-date: /home/rodrigo/ros2_ws/install/robotarm/lib/robotarm/libdynamixel_ros2_lib.so
[1.144s] -- Up-to-date: /home/rodrigo/ros2_ws/install/robotarm/lib/robotarm/libservo_api.so
[1.144s] -- Up-to-date: /home/rodrigo/ros2_ws/install/robotarm/share/ament_index/resource_index/package_run_dependencies/robotarm
[1.144s] -- Up-to-date: /home/rodrigo/ros2_ws/install/robotarm/share/ament_index/resource_index/parent_prefix_path/robotarm
[1.144s] -- Up-to-date: /home/rodrigo/ros2_ws/install/robotarm/share/robotarm/environment/ament_prefix_path.sh
[1.145s] -- Up-to-date: /home/rodrigo/ros2_ws/install/robotarm/share/robotarm/environment/ament_prefix_path.dsv
[1.145s] -- Up-to-date: /home/rodrigo/ros2_ws/install/robotarm/share/robotarm/environment/path.sh
[1.145s] -- Up-to-date: /home/rodrigo/ros2_ws/install/robotarm/share/robotarm/environment/path.dsv
[1.145s] -- Up-to-date: /home/rodrigo/ros2_ws/install/robotarm/share/robotarm/local_setup.bash
[1.145s] -- Up-to-date: /home/rodrigo/ros2_ws/install/robotarm/share/robotarm/local_setup.sh
[1.145s] -- Up-to-date: /home/rodrigo/ros2_ws/install/robotarm/share/robotarm/local_setup.zsh
[1.145s] -- Up-to-date: /home/rodrigo/ros2_ws/install/robotarm/share/robotarm/local_setup.dsv
[1.145s] -- Installing: /home/rodrigo/ros2_ws/install/robotarm/share/robotarm/package.dsv
[1.145s] -- Up-to-date: /home/rodrigo/ros2_ws/install/robotarm/share/ament_index/resource_index/packages/robotarm
[1.145s] -- Up-to-date: /home/rodrigo/ros2_ws/install/robotarm/share/robotarm/cmake/robotarmConfig.cmake
[1.145s] -- Up-to-date: /home/rodrigo/ros2_ws/install/robotarm/share/robotarm/cmake/robotarmConfig-version.cmake
[1.146s] -- Up-to-date: /home/rodrigo/ros2_ws/install/robotarm/share/robotarm/package.xml
[1.146s] -- Up-to-date: /home/rodrigo/ros2_ws/install/robotarm/include
[1.146s] -- Up-to-date: /home/rodrigo/ros2_ws/install/robotarm/include/dynamixel_ros2.h
[1.146s] -- Up-to-date: /home/rodrigo/ros2_ws/install/robotarm/lib/dynamixel_ros2/testCommunication
[1.146s] -- Up-to-date: /home/rodrigo/ros2_ws/install/robotarm/lib/dynamixel_ros2/blinkingLED
[1.146s] -- Up-to-date: /home/rodrigo/ros2_ws/install/robotarm/lib/dynamixel_ros2/testPositionControl
[1.146s] -- Up-to-date: /home/rodrigo/ros2_ws/install/robotarm/lib/dynamixel_ros2/testPWMControl
[1.146s] -- Up-to-date: /home/rodrigo/ros2_ws/install/robotarm/lib/dynamixel_ros2/dmxlParamsMonitor
[1.146s] -- Up-to-date: /home/rodrigo/ros2_ws/install/robotarm/lib/dynamixel_ros2/pinzaTest
[1.147s] -- Up-to-date: /home/rodrigo/ros2_ws/install/robotarm/lib/libdynamixel_ros2_lib.so
[1.147s] -- Up-to-date: /home/rodrigo/ros2_ws/install/robotarm/share/dynamixel_ros2/environment/library_path.sh
[1.147s] -- Up-to-date: /home/rodrigo/ros2_ws/install/robotarm/share/dynamixel_ros2/environment/library_path.dsv
[1.147s] -- Up-to-date: /home/rodrigo/ros2_ws/install/robotarm/share/ament_index/resource_index/package_run_dependencies/dynamixel_ros2
[1.147s] -- Up-to-date: /home/rodrigo/ros2_ws/install/robotarm/share/ament_index/resource_index/parent_prefix_path/dynamixel_ros2
[1.147s] -- Up-to-date: /home/rodrigo/ros2_ws/install/robotarm/share/dynamixel_ros2/environment/ament_prefix_path.sh
[1.147s] -- Up-to-date: /home/rodrigo/ros2_ws/install/robotarm/share/dynamixel_ros2/environment/ament_prefix_path.dsv
[1.147s] -- Up-to-date: /home/rodrigo/ros2_ws/install/robotarm/share/dynamixel_ros2/environment/path.sh
[1.148s] -- Up-to-date: /home/rodrigo/ros2_ws/install/robotarm/share/dynamixel_ros2/environment/path.dsv
[1.148s] -- Up-to-date: /home/rodrigo/ros2_ws/install/robotarm/share/dynamixel_ros2/local_setup.bash
[1.148s] -- Up-to-date: /home/rodrigo/ros2_ws/install/robotarm/share/dynamixel_ros2/local_setup.sh
[1.148s] -- Up-to-date: /home/rodrigo/ros2_ws/install/robotarm/share/dynamixel_ros2/local_setup.zsh
[1.148s] -- Up-to-date: /home/rodrigo/ros2_ws/install/robotarm/share/dynamixel_ros2/local_setup.dsv
[1.148s] -- Up-to-date: /home/rodrigo/ros2_ws/install/robotarm/share/dynamixel_ros2/package.dsv
[1.148s] -- Up-to-date: /home/rodrigo/ros2_ws/install/robotarm/share/ament_index/resource_index/packages/dynamixel_ros2
[1.148s] -- Up-to-date: /home/rodrigo/ros2_ws/install/robotarm/share/dynamixel_ros2/cmake/ament_cmake_export_include_directories-extras.cmake
[1.148s] -- Up-to-date: /home/rodrigo/ros2_ws/install/robotarm/share/dynamixel_ros2/cmake/ament_cmake_export_libraries-extras.cmake
[1.148s] -- Up-to-date: /home/rodrigo/ros2_ws/install/robotarm/share/dynamixel_ros2/cmake/dynamixel_ros2Config.cmake
[1.148s] -- Up-to-date: /home/rodrigo/ros2_ws/install/robotarm/share/dynamixel_ros2/cmake/dynamixel_ros2Config-version.cmake
[1.148s] -- Up-to-date: /home/rodrigo/ros2_ws/install/robotarm/share/dynamixel_ros2/package.xml
[1.149s] Invoked command in '/home/rodrigo/ros2_ws/build/robotarm' returned '0': CMAKE_PREFIX_PATH=${CMAKE_PREFIX_PATH}:/opt/ros/jazzy DEBUGINFOD_URLS=https://debuginfod.ubuntu.com /usr/bin/cmake --install /home/rodrigo/ros2_ws/build/robotarm
