-- The C compiler identification is GNU 13.3.0
-- The CXX compiler identification is GNU 13.3.0
-- Detecting C compiler ABI info
-- Detecting C compiler ABI info - done
-- Check for working C compiler: /usr/bin/cc - skipped
-- Detecting C compile features
-- Detecting C compile features - done
-- Detecting CXX compiler ABI info
-- Detecting CXX compiler ABI info - done
-- Check for working CXX compiler: /usr/bin/c++ - skipped
-- Detecting CXX compile features
-- Detecting CXX compile features - done
-- Found ament_cmake: 2.5.5 (/opt/ros/jazzy/share/ament_cmake/cmake)
-- Found Python3: /usr/bin/python3 (found version "3.12.3") found components: Interpreter 
-- Found rclcpp: 28.1.16 (/opt/ros/jazzy/share/rclcpp/cmake)
-- Found rosidl_generator_c: 4.6.7 (/opt/ros/jazzy/share/rosidl_generator_c/cmake)
-- Found rosidl_generator_cpp: 4.6.7 (/opt/ros/jazzy/share/rosidl_generator_cpp/cmake)
-- Using all available rosidl_typesupport_c: rosidl_typesupport_fastrtps_c;rosidl_typesupport_introspection_c
-- Using all available rosidl_typesupport_cpp: rosidl_typesupport_fastrtps_cpp;rosidl_typesupport_introspection_cpp
-- Found rmw_implementation_cmake: 7.3.3 (/opt/ros/jazzy/share/rmw_implementation_cmake/cmake)
-- Found rmw_fastrtps_cpp: 8.4.3 (/opt/ros/jazzy/share/rmw_fastrtps_cpp/cmake)
-- Found OpenSSL: /usr/lib/x86_64-linux-gnu/libcrypto.so (found version "3.0.13")  
-- Found FastRTPS: /opt/ros/jazzy/include (Required is at least version "2.13") 
-- Using RMW implementation 'rmw_fastrtps_cpp' as default
-- Found dynamixel_sdk: 4.0.3 (/opt/ros/jazzy/share/dynamixel_sdk/cmake)
-- Found std_msgs: 5.3.6 (/opt/ros/jazzy/share/std_msgs/cmake)
-- Found rosidl_default_generators: 1.6.0 (/opt/ros/jazzy/share/rosidl_default_generators/cmake)
-- Found rosidl_adapter: 4.6.7 (/opt/ros/jazzy/share/rosidl_adapter/cmake)
-- Found PkgConfig: /usr/bin/pkg-config (found version "1.8.1") 
-- Checking for module 'SDL2_ttf'
--   Found SDL2_ttf, version 2.22.0
-- Configuring done (1.2s)
-- Generating done (0.0s)
-- Build files have been written to: /home/rodrigo/ros2_ws/build/robotarm
[  4%] [32mBuilding CXX object include/dynamixel_ros2/CMakeFiles/dynamixel_ros2_lib.dir/src/dynamixel_ros2.cpp.o[0m
[ 14%] [32mBuilding CXX object CMakeFiles/mifunciones.dir/src/ft_full_manual_mode.cpp.o[0m
[ 14%] [32mBuilding C object CMakeFiles/mifunciones.dir/src/ft_manual_mode.c.o[0m
[ 19%] [32mBuilding C object CMakeFiles/mifunciones.dir/src/ft_init_motors_arm.c.o[0m
[ 23%] [32mBuilding CXX object CMakeFiles/mifunciones.dir/src/Manipulator.cpp.o[0m
[ 28%] [32m[1mLinking CXX static library libmifunciones.a[0m
[ 28%] Built target mifunciones
[ 33%] [32m[1mLinking CXX shared library libdynamixel_ros2_lib.so[0m
[ 33%] Built target dynamixel_ros2_lib
[ 47%] [32mBuilding CXX object include/dynamixel_ros2/CMakeFiles/blinkingLED.dir/src/blinkingLED.cpp.o[0m
[ 47%] [32mBuilding CXX object include/dynamixel_ros2/CMakeFiles/testPWMControl.dir/src/testPWMControl.cpp.o[0m
[ 47%] [32mBuilding CXX object include/dynamixel_ros2/CMakeFiles/testPositionControl.dir/src/testPositionControl.cpp.o[0m
[ 52%] [32mBuilding CXX object include/dynamixel_ros2/CMakeFiles/testCommunication.dir/src/testCommunication.cpp.o[0m
[ 57%] [32mBuilding CXX object include/dynamixel_ros2/CMakeFiles/dmxlParamsMonitor.dir/src/dmxlParamsMonitor.cpp.o[0m
[ 61%] [32mBuilding CXX object CMakeFiles/tester.dir/test/main_tester.cpp.o[0m
[ 66%] [32mBuilding CXX object include/dynamixel_ros2/CMakeFiles/pinzaTest.dir/src/realTest.cpp.o[0m
[ 71%] [32m[1mLinking CXX executable tester[0m
[ 71%] Built target tester
[ 76%] [32m[1mLinking CXX executable testCommunication[0m
[ 76%] Built target testCommunication
[ 80%] [32m[1mLinking CXX executable blinkingLED[0m
[ 80%] Built target blinkingLED
[ 85%] [32m[1mLinking CXX executable testPWMControl[0m
[ 85%] Built target testPWMControl
[ 90%] [32m[1mLinking CXX executable testPositionControl[0m
[ 95%] [32m[1mLinking CXX executable pinzaTest[0m
[ 95%] Built target testPositionControl
[ 95%] Built target pinzaTest
[100%] [32m[1mLinking CXX executable dmxlParamsMonitor[0m
[100%] Built target dmxlParamsMonitor
-- Install configuration: ""
-- Installing: /home/rodrigo/ros2_ws/install/robotarm/lib/robotarm/tester
-- Set non-toolchain portion of runtime path of "/home/rodrigo/ros2_ws/install/robotarm/lib/robotarm/tester" to "$ORIGIN"
-- Installing: /home/rodrigo/ros2_ws/install/robotarm/lib/robotarm/libdynamixel_ros2_lib.so
-- Set non-toolchain portion of runtime path of "/home/rodrigo/ros2_ws/install/robotarm/lib/robotarm/libdynamixel_ros2_lib.so" to ""
-- Installing: /home/rodrigo/ros2_ws/install/robotarm/lib/robotarm/libservo_api.so
-- Installing: /home/rodrigo/ros2_ws/install/robotarm/share/ament_index/resource_index/package_run_dependencies/robotarm
-- Installing: /home/rodrigo/ros2_ws/install/robotarm/share/ament_index/resource_index/parent_prefix_path/robotarm
-- Installing: /home/rodrigo/ros2_ws/install/robotarm/share/robotarm/environment/ament_prefix_path.sh
-- Installing: /home/rodrigo/ros2_ws/install/robotarm/share/robotarm/environment/ament_prefix_path.dsv
-- Installing: /home/rodrigo/ros2_ws/install/robotarm/share/robotarm/environment/path.sh
-- Installing: /home/rodrigo/ros2_ws/install/robotarm/share/robotarm/environment/path.dsv
-- Installing: /home/rodrigo/ros2_ws/install/robotarm/share/robotarm/local_setup.bash
-- Installing: /home/rodrigo/ros2_ws/install/robotarm/share/robotarm/local_setup.sh
-- Installing: /home/rodrigo/ros2_ws/install/robotarm/share/robotarm/local_setup.zsh
-- Installing: /home/rodrigo/ros2_ws/install/robotarm/share/robotarm/local_setup.dsv
-- Installing: /home/rodrigo/ros2_ws/install/robotarm/share/robotarm/package.dsv
-- Installing: /home/rodrigo/ros2_ws/install/robotarm/share/ament_index/resource_index/packages/robotarm
-- Installing: /home/rodrigo/ros2_ws/install/robotarm/share/robotarm/cmake/robotarmConfig.cmake
-- Installing: /home/rodrigo/ros2_ws/install/robotarm/share/robotarm/cmake/robotarmConfig-version.cmake
-- Installing: /home/rodrigo/ros2_ws/install/robotarm/share/robotarm/package.xml
-- Installing: /home/rodrigo/ros2_ws/install/robotarm/include
-- Installing: /home/rodrigo/ros2_ws/install/robotarm/include/dynamixel_ros2.h
-- Installing: /home/rodrigo/ros2_ws/install/robotarm/lib/dynamixel_ros2/testCommunication
-- Set non-toolchain portion of runtime path of "/home/rodrigo/ros2_ws/install/robotarm/lib/dynamixel_ros2/testCommunication" to ""
-- Installing: /home/rodrigo/ros2_ws/install/robotarm/lib/dynamixel_ros2/blinkingLED
-- Set non-toolchain portion of runtime path of "/home/rodrigo/ros2_ws/install/robotarm/lib/dynamixel_ros2/blinkingLED" to ""
-- Installing: /home/rodrigo/ros2_ws/install/robotarm/lib/dynamixel_ros2/testPositionControl
-- Set non-toolchain portion of runtime path of "/home/rodrigo/ros2_ws/install/robotarm/lib/dynamixel_ros2/testPositionControl" to ""
-- Installing: /home/rodrigo/ros2_ws/install/robotarm/lib/dynamixel_ros2/testPWMControl
-- Set non-toolchain portion of runtime path of "/home/rodrigo/ros2_ws/install/robotarm/lib/dynamixel_ros2/testPWMControl" to ""
-- Installing: /home/rodrigo/ros2_ws/install/robotarm/lib/dynamixel_ros2/dmxlParamsMonitor
-- Set non-toolchain portion of runtime path of "/home/rodrigo/ros2_ws/install/robotarm/lib/dynamixel_ros2/dmxlParamsMonitor" to ""
-- Installing: /home/rodrigo/ros2_ws/install/robotarm/lib/dynamixel_ros2/pinzaTest
-- Set non-toolchain portion of runtime path of "/home/rodrigo/ros2_ws/install/robotarm/lib/dynamixel_ros2/pinzaTest" to ""
-- Installing: /home/rodrigo/ros2_ws/install/robotarm/lib/libdynamixel_ros2_lib.so
-- Set non-toolchain portion of runtime path of "/home/rodrigo/ros2_ws/install/robotarm/lib/libdynamixel_ros2_lib.so" to ""
-- Installing: /home/rodrigo/ros2_ws/install/robotarm/share/dynamixel_ros2/environment/library_path.sh
-- Installing: /home/rodrigo/ros2_ws/install/robotarm/share/dynamixel_ros2/environment/library_path.dsv
-- Installing: /home/rodrigo/ros2_ws/install/robotarm/share/ament_index/resource_index/package_run_dependencies/dynamixel_ros2
-- Installing: /home/rodrigo/ros2_ws/install/robotarm/share/ament_index/resource_index/parent_prefix_path/dynamixel_ros2
-- Installing: /home/rodrigo/ros2_ws/install/robotarm/share/dynamixel_ros2/environment/ament_prefix_path.sh
-- Installing: /home/rodrigo/ros2_ws/install/robotarm/share/dynamixel_ros2/environment/ament_prefix_path.dsv
-- Installing: /home/rodrigo/ros2_ws/install/robotarm/share/dynamixel_ros2/environment/path.sh
-- Installing: /home/rodrigo/ros2_ws/install/robotarm/share/dynamixel_ros2/environment/path.dsv
-- Installing: /home/rodrigo/ros2_ws/install/robotarm/share/dynamixel_ros2/local_setup.bash
-- Installing: /home/rodrigo/ros2_ws/install/robotarm/share/dynamixel_ros2/local_setup.sh
-- Installing: /home/rodrigo/ros2_ws/install/robotarm/share/dynamixel_ros2/local_setup.zsh
-- Installing: /home/rodrigo/ros2_ws/install/robotarm/share/dynamixel_ros2/local_setup.dsv
-- Installing: /home/rodrigo/ros2_ws/install/robotarm/share/dynamixel_ros2/package.dsv
-- Installing: /home/rodrigo/ros2_ws/install/robotarm/share/ament_index/resource_index/packages/dynamixel_ros2
-- Installing: /home/rodrigo/ros2_ws/install/robotarm/share/dynamixel_ros2/cmake/ament_cmake_export_include_directories-extras.cmake
-- Installing: /home/rodrigo/ros2_ws/install/robotarm/share/dynamixel_ros2/cmake/ament_cmake_export_libraries-extras.cmake
-- Installing: /home/rodrigo/ros2_ws/install/robotarm/share/dynamixel_ros2/cmake/dynamixel_ros2Config.cmake
-- Installing: /home/rodrigo/ros2_ws/install/robotarm/share/dynamixel_ros2/cmake/dynamixel_ros2Config-version.cmake
-- Installing: /home/rodrigo/ros2_ws/install/robotarm/share/dynamixel_ros2/package.xml
