[0.007s] Invoking command in '/home/rodrigo/ros2_ws/build/robotarm': CMAKE_PREFIX_PATH=${CMAKE_PREFIX_PATH}:/opt/ros/jazzy DEBUGINFOD_URLS=https://debuginfod.ubuntu.com /usr/bin/cmake --build /home/rodrigo/ros2_ws/build/robotarm -- -j12 -l12
[0.054s] [  9%] Built target dynamixel_ros2_lib
[0.055s] [ 14%] [32mBuilding CXX object CMakeFiles/mifunciones.dir/src/Manipulator.cpp.o[0m
[0.073s] [ 33%] Built target blinkingLED
[0.073s] [ 33%] Built target testPositionControl
[0.073s] [ 42%] Built target testPWMControl
[0.077s] [ 71%] Built target testCommunication
[0.077s] [ 71%] Built target pinzaTest
[0.077s] [ 71%] Built target dmxlParamsMonitor
[0.678s] [01m[K/home/rodrigo/ros2_ws/src/RoboticArm C++/src/Manipulator.cpp:[m[K In member function ‘[01m[Kvoid Manipulator::[01;32m[KgetIDS[m[K(uint8_t**)[m[K’:
[0.678s] [01m[K/home/rodrigo/ros2_ws/src/RoboticArm C++/src/Manipulator.cpp:328:16:[m[K [01;35m[Kwarning: [m[Kcast to pointer from integer of different size [[01;35m[K]8;;https://gcc.gnu.org/onlinedocs/gcc/Warning-Options.html#index-Wint-to-pointer-cast-Wint-to-pointer-cast]8;;[m[K]
[0.678s]   328 |       ids[i] = [01;35m[K(uint8_t*)id_arm[i][m[K;
[0.678s]       |                [01;35m[K^~~~~~~~~~~~~~~~~~~[m[K
[0.786s] [ 76%] [32m[1mLinking CXX static library libmifunciones.a[0m
[0.813s] [ 90%] Built target mifunciones
[0.833s] [ 95%] [32m[1mLinking CXX executable tester[0m
[0.954s] [100%] Built target tester
[0.963s] Invoked command in '/home/rodrigo/ros2_ws/build/robotarm' returned '0': CMAKE_PREFIX_PATH=${CMAKE_PREFIX_PATH}:/opt/ros/jazzy DEBUGINFOD_URLS=https://debuginfod.ubuntu.com /usr/bin/cmake --build /home/rodrigo/ros2_ws/build/robotarm -- -j12 -l12
[0.971s] Invoking command in '/home/rodrigo/ros2_ws/build/robotarm': CMAKE_PREFIX_PATH=${CMAKE_PREFIX_PATH}:/opt/ros/jazzy DEBUGINFOD_URLS=https://debuginfod.ubuntu.com /usr/bin/cmake --install /home/rodrigo/ros2_ws/build/robotarm
[0.977s] -- Install configuration: ""
[0.977s] -- Installing: /home/rodrigo/ros2_ws/install/robotarm/lib/robotarm/tester
[0.977s] -- Set non-toolchain portion of runtime path of "/home/rodrigo/ros2_ws/install/robotarm/lib/robotarm/tester" to "$ORIGIN"
[0.977s] -- Up-to-date: /home/rodrigo/ros2_ws/install/robotarm/lib/robotarm/libdynamixel_ros2_lib.so
[0.977s] -- Up-to-date: /home/rodrigo/ros2_ws/install/robotarm/lib/robotarm/libservo_api.so
[0.977s] -- Up-to-date: /home/rodrigo/ros2_ws/install/robotarm/share/ament_index/resource_index/package_run_dependencies/robotarm
[0.977s] -- Up-to-date: /home/rodrigo/ros2_ws/install/robotarm/share/ament_index/resource_index/parent_prefix_path/robotarm
[0.978s] -- Up-to-date: /home/rodrigo/ros2_ws/install/robotarm/share/robotarm/environment/ament_prefix_path.sh
[0.978s] -- Up-to-date: /home/rodrigo/ros2_ws/install/robotarm/share/robotarm/environment/ament_prefix_path.dsv
[0.978s] -- Up-to-date: /home/rodrigo/ros2_ws/install/robotarm/share/robotarm/environment/path.sh
[0.978s] -- Up-to-date: /home/rodrigo/ros2_ws/install/robotarm/share/robotarm/environment/path.dsv
[0.978s] -- Up-to-date: /home/rodrigo/ros2_ws/install/robotarm/share/robotarm/local_setup.bash
[0.978s] -- Up-to-date: /home/rodrigo/ros2_ws/install/robotarm/share/robotarm/local_setup.sh
[0.978s] -- Up-to-date: /home/rodrigo/ros2_ws/install/robotarm/share/robotarm/local_setup.zsh
[0.978s] -- Up-to-date: /home/rodrigo/ros2_ws/install/robotarm/share/robotarm/local_setup.dsv
[0.978s] -- Installing: /home/rodrigo/ros2_ws/install/robotarm/share/robotarm/package.dsv
[0.978s] -- Up-to-date: /home/rodrigo/ros2_ws/install/robotarm/share/ament_index/resource_index/packages/robotarm
[0.978s] -- Up-to-date: /home/rodrigo/ros2_ws/install/robotarm/share/robotarm/cmake/robotarmConfig.cmake
[0.979s] -- Up-to-date: /home/rodrigo/ros2_ws/install/robotarm/share/robotarm/cmake/robotarmConfig-version.cmake
[0.979s] -- Up-to-date: /home/rodrigo/ros2_ws/install/robotarm/share/robotarm/package.xml
[0.979s] -- Up-to-date: /home/rodrigo/ros2_ws/install/robotarm/include
[0.979s] -- Up-to-date: /home/rodrigo/ros2_ws/install/robotarm/include/dynamixel_ros2.h
[0.979s] -- Up-to-date: /home/rodrigo/ros2_ws/install/robotarm/lib/dynamixel_ros2/testCommunication
[0.979s] -- Up-to-date: /home/rodrigo/ros2_ws/install/robotarm/lib/dynamixel_ros2/blinkingLED
[0.979s] -- Up-to-date: /home/rodrigo/ros2_ws/install/robotarm/lib/dynamixel_ros2/testPositionControl
[0.979s] -- Up-to-date: /home/rodrigo/ros2_ws/install/robotarm/lib/dynamixel_ros2/testPWMControl
[0.979s] -- Up-to-date: /home/rodrigo/ros2_ws/install/robotarm/lib/dynamixel_ros2/dmxlParamsMonitor
[0.979s] -- Up-to-date: /home/rodrigo/ros2_ws/install/robotarm/lib/dynamixel_ros2/pinzaTest
[0.979s] -- Up-to-date: /home/rodrigo/ros2_ws/install/robotarm/lib/libdynamixel_ros2_lib.so
[0.980s] -- Up-to-date: /home/rodrigo/ros2_ws/install/robotarm/share/dynamixel_ros2/environment/library_path.sh
[0.980s] -- Up-to-date: /home/rodrigo/ros2_ws/install/robotarm/share/dynamixel_ros2/environment/library_path.dsv
[0.980s] -- Up-to-date: /home/rodrigo/ros2_ws/install/robotarm/share/ament_index/resource_index/package_run_dependencies/dynamixel_ros2
[0.980s] -- Up-to-date: /home/rodrigo/ros2_ws/install/robotarm/share/ament_index/resource_index/parent_prefix_path/dynamixel_ros2
[0.980s] -- Up-to-date: /home/rodrigo/ros2_ws/install/robotarm/share/dynamixel_ros2/environment/ament_prefix_path.sh
[0.980s] -- Up-to-date: /home/rodrigo/ros2_ws/install/robotarm/share/dynamixel_ros2/environment/ament_prefix_path.dsv
[0.980s] -- Up-to-date: /home/rodrigo/ros2_ws/install/robotarm/share/dynamixel_ros2/environment/path.sh
[0.980s] -- Up-to-date: /home/rodrigo/ros2_ws/install/robotarm/share/dynamixel_ros2/environment/path.dsv
[0.980s] -- Up-to-date: /home/rodrigo/ros2_ws/install/robotarm/share/dynamixel_ros2/local_setup.bash
[0.980s] -- Up-to-date: /home/rodrigo/ros2_ws/install/robotarm/share/dynamixel_ros2/local_setup.sh
[0.980s] -- Up-to-date: /home/rodrigo/ros2_ws/install/robotarm/share/dynamixel_ros2/local_setup.zsh
[0.980s] -- Up-to-date: /home/rodrigo/ros2_ws/install/robotarm/share/dynamixel_ros2/local_setup.dsv
[0.980s] -- Up-to-date: /home/rodrigo/ros2_ws/install/robotarm/share/dynamixel_ros2/package.dsv
[0.980s] -- Up-to-date: /home/rodrigo/ros2_ws/install/robotarm/share/ament_index/resource_index/packages/dynamixel_ros2
[0.980s] -- Up-to-date: /home/rodrigo/ros2_ws/install/robotarm/share/dynamixel_ros2/cmake/ament_cmake_export_include_directories-extras.cmake
[0.980s] -- Up-to-date: /home/rodrigo/ros2_ws/install/robotarm/share/dynamixel_ros2/cmake/ament_cmake_export_libraries-extras.cmake
[0.980s] -- Up-to-date: /home/rodrigo/ros2_ws/install/robotarm/share/dynamixel_ros2/cmake/dynamixel_ros2Config.cmake
[0.981s] -- Up-to-date: /home/rodrigo/ros2_ws/install/robotarm/share/dynamixel_ros2/cmake/dynamixel_ros2Config-version.cmake
[0.981s] -- Up-to-date: /home/rodrigo/ros2_ws/install/robotarm/share/dynamixel_ros2/package.xml
[0.981s] Invoked command in '/home/rodrigo/ros2_ws/build/robotarm' returned '0': CMAKE_PREFIX_PATH=${CMAKE_PREFIX_PATH}:/opt/ros/jazzy DEBUGINFOD_URLS=https://debuginfod.ubuntu.com /usr/bin/cmake --install /home/rodrigo/ros2_ws/build/robotarm
