[  4%] [32mBuilding C object CMakeFiles/mifunciones.dir/src/ft_init_motors_arm.c.o[0m
[  9%] [32mBuilding C object CMakeFiles/mifunciones.dir/src/ft_manual_mode.c.o[0m
[ 19%] Built target dynamixel_ros2_lib
[ 23%] [32mBuilding CXX object CMakeFiles/mifunciones.dir/src/Manipulator.cpp.o[0m
[ 28%] [32mBuilding CXX object CMakeFiles/mifunciones.dir/src/ft_full_manual_mode.cpp.o[0m
[ 38%] Built target testPWMControl
[ 47%] Built target testCommunication
[ 57%] Built target dmxlParamsMonitor
[ 66%] Built target testPositionControl
[ 76%] Built target pinzaTest
[ 85%] Built target blinkingLED
[01m[K/home/rodrigo/ros2_ws/src/RoboticArm C++/src/ft_full_manual_mode.cpp:[m[K In function ‘[01m[Kvoid[01;32m[K print_variables[m[K(RoboArm*, Var_motors*)[m[K’:
[01m[K/home/rodrigo/ros2_ws/src/RoboticArm C++/src/ft_full_manual_mode.cpp:223:20:[m[K [01;35m[Kwarning: [m[Kformat ‘[01m[K%d[m[K’ expects argument of type ‘[01m[Kint[m[K’, but argument 29 has type ‘[01m[Kuint8_t**[m[K’ {aka ‘[01m[Kunsigned char**[m[K’} [[01;35m[K]8;;https://gcc.gnu.org/onlinedocs/gcc/Warning-Options.html#index-Wformat=-Wformat=]8;;[m[K]
  223 |             "IDS  [01;35m[K%d[m[K"
      |                   [01;35m[K~^[m[K
      |                    [01;35m[K|[m[K
      |                    [01;35m[Kint[m[K
......
  226 |             var_m->t.motor_1,var_m->c.motor_1,var_m->t.motor_2,var_m->c.motor_2,var_m->t.motor_3,var_m->c.motor_3,vel_max,acc_i,acc_f,[32m[K&idss[4][m[K);
      |                                                                                                                                       [32m[K~~~~~~~~[m[K
      |                                                                                                                                       [32m[K|[m[K
      |                                                                                                                                       [32m[Kuint8_t** {aka unsigned char**}[m[K
[01m[K/home/rodrigo/ros2_ws/src/RoboticArm C++/src/ft_full_manual_mode.cpp:[m[K In member function ‘[01m[Kvoid Manipulator::[01;32m[Kfull_manual_mode[m[K()[m[K’:
[01m[K/home/rodrigo/ros2_ws/src/RoboticArm C++/src/ft_full_manual_mode.cpp:1328:18:[m[K [01;35m[Kwarning: [m[Kformat ‘[01m[K%d[m[K’ expects argument of type ‘[01m[Kint[m[K’, but argument 2 has type ‘[01m[Kuint8_t*[m[K’ {aka ‘[01m[Kunsigned char*[m[K’} [[01;35m[K]8;;https://gcc.gnu.org/onlinedocs/gcc/Warning-Options.html#index-Wformat=-Wformat=]8;;[m[K]
 1328 |         printf("[01;35m[K%d[m[K\n",[32m[Kidss[i][m[K);
      |                 [01;35m[K~^[m[K    [32m[K~~~~~~~[m[K
      |                  [01;35m[K|[m[K          [32m[K|[m[K
      |                  [01;35m[Kint[m[K        [32m[Kuint8_t* {aka unsigned char*}[m[K
      |                 [32m[K%hhn[m[K
[ 90%] [32m[1mLinking CXX static library libmifunciones.a[0m
[ 90%] Built target mifunciones
[ 95%] [32mBuilding CXX object CMakeFiles/tester.dir/test/main_tester.cpp.o[0m
[100%] [32m[1mLinking CXX executable tester[0m
[100%] Built target tester
-- Install configuration: ""
-- Installing: /home/rodrigo/ros2_ws/install/robotarm/lib/robotarm/tester
-- Set non-toolchain portion of runtime path of "/home/rodrigo/ros2_ws/install/robotarm/lib/robotarm/tester" to "$ORIGIN"
-- Up-to-date: /home/rodrigo/ros2_ws/install/robotarm/lib/robotarm/libdynamixel_ros2_lib.so
-- Up-to-date: /home/rodrigo/ros2_ws/install/robotarm/lib/robotarm/libservo_api.so
-- Up-to-date: /home/rodrigo/ros2_ws/install/robotarm/share/ament_index/resource_index/package_run_dependencies/robotarm
-- Up-to-date: /home/rodrigo/ros2_ws/install/robotarm/share/ament_index/resource_index/parent_prefix_path/robotarm
-- Up-to-date: /home/rodrigo/ros2_ws/install/robotarm/share/robotarm/environment/ament_prefix_path.sh
-- Up-to-date: /home/rodrigo/ros2_ws/install/robotarm/share/robotarm/environment/ament_prefix_path.dsv
-- Up-to-date: /home/rodrigo/ros2_ws/install/robotarm/share/robotarm/environment/path.sh
-- Up-to-date: /home/rodrigo/ros2_ws/install/robotarm/share/robotarm/environment/path.dsv
-- Up-to-date: /home/rodrigo/ros2_ws/install/robotarm/share/robotarm/local_setup.bash
-- Up-to-date: /home/rodrigo/ros2_ws/install/robotarm/share/robotarm/local_setup.sh
-- Up-to-date: /home/rodrigo/ros2_ws/install/robotarm/share/robotarm/local_setup.zsh
-- Up-to-date: /home/rodrigo/ros2_ws/install/robotarm/share/robotarm/local_setup.dsv
-- Installing: /home/rodrigo/ros2_ws/install/robotarm/share/robotarm/package.dsv
-- Up-to-date: /home/rodrigo/ros2_ws/install/robotarm/share/ament_index/resource_index/packages/robotarm
-- Up-to-date: /home/rodrigo/ros2_ws/install/robotarm/share/robotarm/cmake/robotarmConfig.cmake
-- Up-to-date: /home/rodrigo/ros2_ws/install/robotarm/share/robotarm/cmake/robotarmConfig-version.cmake
-- Up-to-date: /home/rodrigo/ros2_ws/install/robotarm/share/robotarm/package.xml
-- Up-to-date: /home/rodrigo/ros2_ws/install/robotarm/include
-- Up-to-date: /home/rodrigo/ros2_ws/install/robotarm/include/dynamixel_ros2.h
-- Up-to-date: /home/rodrigo/ros2_ws/install/robotarm/lib/dynamixel_ros2/testCommunication
-- Up-to-date: /home/rodrigo/ros2_ws/install/robotarm/lib/dynamixel_ros2/blinkingLED
-- Up-to-date: /home/rodrigo/ros2_ws/install/robotarm/lib/dynamixel_ros2/testPositionControl
-- Up-to-date: /home/rodrigo/ros2_ws/install/robotarm/lib/dynamixel_ros2/testPWMControl
-- Up-to-date: /home/rodrigo/ros2_ws/install/robotarm/lib/dynamixel_ros2/dmxlParamsMonitor
-- Up-to-date: /home/rodrigo/ros2_ws/install/robotarm/lib/dynamixel_ros2/pinzaTest
-- Up-to-date: /home/rodrigo/ros2_ws/install/robotarm/lib/libdynamixel_ros2_lib.so
-- Up-to-date: /home/rodrigo/ros2_ws/install/robotarm/share/dynamixel_ros2/environment/library_path.sh
-- Up-to-date: /home/rodrigo/ros2_ws/install/robotarm/share/dynamixel_ros2/environment/library_path.dsv
-- Up-to-date: /home/rodrigo/ros2_ws/install/robotarm/share/ament_index/resource_index/package_run_dependencies/dynamixel_ros2
-- Up-to-date: /home/rodrigo/ros2_ws/install/robotarm/share/ament_index/resource_index/parent_prefix_path/dynamixel_ros2
-- Up-to-date: /home/rodrigo/ros2_ws/install/robotarm/share/dynamixel_ros2/environment/ament_prefix_path.sh
-- Up-to-date: /home/rodrigo/ros2_ws/install/robotarm/share/dynamixel_ros2/environment/ament_prefix_path.dsv
-- Up-to-date: /home/rodrigo/ros2_ws/install/robotarm/share/dynamixel_ros2/environment/path.sh
-- Up-to-date: /home/rodrigo/ros2_ws/install/robotarm/share/dynamixel_ros2/environment/path.dsv
-- Up-to-date: /home/rodrigo/ros2_ws/install/robotarm/share/dynamixel_ros2/local_setup.bash
-- Up-to-date: /home/rodrigo/ros2_ws/install/robotarm/share/dynamixel_ros2/local_setup.sh
-- Up-to-date: /home/rodrigo/ros2_ws/install/robotarm/share/dynamixel_ros2/local_setup.zsh
-- Up-to-date: /home/rodrigo/ros2_ws/install/robotarm/share/dynamixel_ros2/local_setup.dsv
-- Up-to-date: /home/rodrigo/ros2_ws/install/robotarm/share/dynamixel_ros2/package.dsv
-- Up-to-date: /home/rodrigo/ros2_ws/install/robotarm/share/ament_index/resource_index/packages/dynamixel_ros2
-- Up-to-date: /home/rodrigo/ros2_ws/install/robotarm/share/dynamixel_ros2/cmake/ament_cmake_export_include_directories-extras.cmake
-- Up-to-date: /home/rodrigo/ros2_ws/install/robotarm/share/dynamixel_ros2/cmake/ament_cmake_export_libraries-extras.cmake
-- Up-to-date: /home/rodrigo/ros2_ws/install/robotarm/share/dynamixel_ros2/cmake/dynamixel_ros2Config.cmake
-- Up-to-date: /home/rodrigo/ros2_ws/install/robotarm/share/dynamixel_ros2/cmake/dynamixel_ros2Config-version.cmake
-- Up-to-date: /home/rodrigo/ros2_ws/install/robotarm/share/dynamixel_ros2/package.xml
