[0.012s] Invoking command in '/home/rodrigo/ros2_ws/build/robotarm': CMAKE_PREFIX_PATH=${CMAKE_PREFIX_PATH}:/opt/ros/jazzy DEBUGINFOD_URLS=https://debuginfod.ubuntu.com /usr/bin/cmake --build /home/rodrigo/ros2_ws/build/robotarm -- -j12 -l12
[0.097s] [  4%] [32mBuilding C object CMakeFiles/mifunciones.dir/src/ft_init_motors_arm.c.o[0m
[0.097s] [  9%] [32mBuilding C object CMakeFiles/mifunciones.dir/src/ft_manual_mode.c.o[0m
[0.098s] [ 19%] Built target dynamixel_ros2_lib
[0.103s] [ 23%] [32mBuilding CXX object CMakeFiles/mifunciones.dir/src/Manipulator.cpp.o[0m
[0.103s] [ 28%] [32mBuilding CXX object CMakeFiles/mifunciones.dir/src/ft_full_manual_mode.cpp.o[0m
[0.140s] [ 38%] Built target testPWMControl
[0.141s] [ 47%] Built target testCommunication
[0.141s] [ 57%] Built target dmxlParamsMonitor
[0.141s] [ 66%] Built target testPositionControl
[0.142s] [ 76%] Built target pinzaTest
[0.143s] [ 85%] Built target blinkingLED
[1.335s] [01m[K/home/rodrigo/ros2_ws/src/RoboticArm C++/src/ft_full_manual_mode.cpp:[m[K In function ‘[01m[Kvoid[01;32m[K print_variables[m[K(RoboArm*, Var_motors*)[m[K’:
[1.336s] [01m[K/home/rodrigo/ros2_ws/src/RoboticArm C++/src/ft_full_manual_mode.cpp:223:20:[m[K [01;35m[Kwarning: [m[Kformat ‘[01m[K%d[m[K’ expects argument of type ‘[01m[Kint[m[K’, but argument 29 has type ‘[01m[Kuint8_t**[m[K’ {aka ‘[01m[Kunsigned char**[m[K’} [[01;35m[K]8;;https://gcc.gnu.org/onlinedocs/gcc/Warning-Options.html#index-Wformat=-Wformat=]8;;[m[K]
[1.336s]   223 |             "IDS  [01;35m[K%d[m[K"
[1.336s]       |                   [01;35m[K~^[m[K
[1.336s]       |                    [01;35m[K|[m[K
[1.337s]       |                    [01;35m[Kint[m[K
[1.337s] ......
[1.337s]   226 |             var_m->t.motor_1,var_m->c.motor_1,var_m->t.motor_2,var_m->c.motor_2,var_m->t.motor_3,var_m->c.motor_3,vel_max,acc_i,acc_f,[32m[K&idss[4][m[K);
[1.337s]       |                                                                                                                                       [32m[K~~~~~~~~[m[K
[1.337s]       |                                                                                                                                       [32m[K|[m[K
[1.337s]       |                                                                                                                                       [32m[Kuint8_t** {aka unsigned char**}[m[K
[1.345s] [01m[K/home/rodrigo/ros2_ws/src/RoboticArm C++/src/ft_full_manual_mode.cpp:[m[K In member function ‘[01m[Kvoid Manipulator::[01;32m[Kfull_manual_mode[m[K()[m[K’:
[1.346s] [01m[K/home/rodrigo/ros2_ws/src/RoboticArm C++/src/ft_full_manual_mode.cpp:1328:18:[m[K [01;35m[Kwarning: [m[Kformat ‘[01m[K%d[m[K’ expects argument of type ‘[01m[Kint[m[K’, but argument 2 has type ‘[01m[Kuint8_t*[m[K’ {aka ‘[01m[Kunsigned char*[m[K’} [[01;35m[K]8;;https://gcc.gnu.org/onlinedocs/gcc/Warning-Options.html#index-Wformat=-Wformat=]8;;[m[K]
[1.346s]  1328 |         printf("[01;35m[K%d[m[K\n",[32m[Kidss[i][m[K);
[1.346s]       |                 [01;35m[K~^[m[K    [32m[K~~~~~~~[m[K
[1.346s]       |                  [01;35m[K|[m[K          [32m[K|[m[K
[1.346s]       |                  [01;35m[Kint[m[K        [32m[Kuint8_t* {aka unsigned char*}[m[K
[1.346s]       |                 [32m[K%hhn[m[K
[1.737s] [ 90%] [32m[1mLinking CXX static library libmifunciones.a[0m
[1.781s] [ 90%] Built target mifunciones
[1.816s] [ 95%] [32mBuilding CXX object CMakeFiles/tester.dir/test/main_tester.cpp.o[0m
[3.125s] [100%] [32m[1mLinking CXX executable tester[0m
[3.351s] [100%] Built target tester
[3.367s] Invoked command in '/home/rodrigo/ros2_ws/build/robotarm' returned '0': CMAKE_PREFIX_PATH=${CMAKE_PREFIX_PATH}:/opt/ros/jazzy DEBUGINFOD_URLS=https://debuginfod.ubuntu.com /usr/bin/cmake --build /home/rodrigo/ros2_ws/build/robotarm -- -j12 -l12
[3.380s] Invoking command in '/home/rodrigo/ros2_ws/build/robotarm': CMAKE_PREFIX_PATH=${CMAKE_PREFIX_PATH}:/opt/ros/jazzy DEBUGINFOD_URLS=https://debuginfod.ubuntu.com /usr/bin/cmake --install /home/rodrigo/ros2_ws/build/robotarm
[3.392s] -- Install configuration: ""
[3.392s] -- Installing: /home/rodrigo/ros2_ws/install/robotarm/lib/robotarm/tester
[3.392s] -- Set non-toolchain portion of runtime path of "/home/rodrigo/ros2_ws/install/robotarm/lib/robotarm/tester" to "$ORIGIN"
[3.392s] -- Up-to-date: /home/rodrigo/ros2_ws/install/robotarm/lib/robotarm/libdynamixel_ros2_lib.so
[3.392s] -- Up-to-date: /home/rodrigo/ros2_ws/install/robotarm/lib/robotarm/libservo_api.so
[3.392s] -- Up-to-date: /home/rodrigo/ros2_ws/install/robotarm/share/ament_index/resource_index/package_run_dependencies/robotarm
[3.393s] -- Up-to-date: /home/rodrigo/ros2_ws/install/robotarm/share/ament_index/resource_index/parent_prefix_path/robotarm
[3.393s] -- Up-to-date: /home/rodrigo/ros2_ws/install/robotarm/share/robotarm/environment/ament_prefix_path.sh
[3.393s] -- Up-to-date: /home/rodrigo/ros2_ws/install/robotarm/share/robotarm/environment/ament_prefix_path.dsv
[3.393s] -- Up-to-date: /home/rodrigo/ros2_ws/install/robotarm/share/robotarm/environment/path.sh
[3.393s] -- Up-to-date: /home/rodrigo/ros2_ws/install/robotarm/share/robotarm/environment/path.dsv
[3.393s] -- Up-to-date: /home/rodrigo/ros2_ws/install/robotarm/share/robotarm/local_setup.bash
[3.393s] -- Up-to-date: /home/rodrigo/ros2_ws/install/robotarm/share/robotarm/local_setup.sh
[3.393s] -- Up-to-date: /home/rodrigo/ros2_ws/install/robotarm/share/robotarm/local_setup.zsh
[3.393s] -- Up-to-date: /home/rodrigo/ros2_ws/install/robotarm/share/robotarm/local_setup.dsv
[3.394s] -- Installing: /home/rodrigo/ros2_ws/install/robotarm/share/robotarm/package.dsv
[3.394s] -- Up-to-date: /home/rodrigo/ros2_ws/install/robotarm/share/ament_index/resource_index/packages/robotarm
[3.394s] -- Up-to-date: /home/rodrigo/ros2_ws/install/robotarm/share/robotarm/cmake/robotarmConfig.cmake
[3.394s] -- Up-to-date: /home/rodrigo/ros2_ws/install/robotarm/share/robotarm/cmake/robotarmConfig-version.cmake
[3.394s] -- Up-to-date: /home/rodrigo/ros2_ws/install/robotarm/share/robotarm/package.xml
[3.394s] -- Up-to-date: /home/rodrigo/ros2_ws/install/robotarm/include
[3.394s] -- Up-to-date: /home/rodrigo/ros2_ws/install/robotarm/include/dynamixel_ros2.h
[3.394s] -- Up-to-date: /home/rodrigo/ros2_ws/install/robotarm/lib/dynamixel_ros2/testCommunication
[3.394s] -- Up-to-date: /home/rodrigo/ros2_ws/install/robotarm/lib/dynamixel_ros2/blinkingLED
[3.394s] -- Up-to-date: /home/rodrigo/ros2_ws/install/robotarm/lib/dynamixel_ros2/testPositionControl
[3.395s] -- Up-to-date: /home/rodrigo/ros2_ws/install/robotarm/lib/dynamixel_ros2/testPWMControl
[3.395s] -- Up-to-date: /home/rodrigo/ros2_ws/install/robotarm/lib/dynamixel_ros2/dmxlParamsMonitor
[3.395s] -- Up-to-date: /home/rodrigo/ros2_ws/install/robotarm/lib/dynamixel_ros2/pinzaTest
[3.395s] -- Up-to-date: /home/rodrigo/ros2_ws/install/robotarm/lib/libdynamixel_ros2_lib.so
[3.395s] -- Up-to-date: /home/rodrigo/ros2_ws/install/robotarm/share/dynamixel_ros2/environment/library_path.sh
[3.396s] -- Up-to-date: /home/rodrigo/ros2_ws/install/robotarm/share/dynamixel_ros2/environment/library_path.dsv
[3.396s] -- Up-to-date: /home/rodrigo/ros2_ws/install/robotarm/share/ament_index/resource_index/package_run_dependencies/dynamixel_ros2
[3.396s] -- Up-to-date: /home/rodrigo/ros2_ws/install/robotarm/share/ament_index/resource_index/parent_prefix_path/dynamixel_ros2
[3.396s] -- Up-to-date: /home/rodrigo/ros2_ws/install/robotarm/share/dynamixel_ros2/environment/ament_prefix_path.sh
[3.396s] -- Up-to-date: /home/rodrigo/ros2_ws/install/robotarm/share/dynamixel_ros2/environment/ament_prefix_path.dsv
[3.396s] -- Up-to-date: /home/rodrigo/ros2_ws/install/robotarm/share/dynamixel_ros2/environment/path.sh
[3.396s] -- Up-to-date: /home/rodrigo/ros2_ws/install/robotarm/share/dynamixel_ros2/environment/path.dsv
[3.396s] -- Up-to-date: /home/rodrigo/ros2_ws/install/robotarm/share/dynamixel_ros2/local_setup.bash
[3.396s] -- Up-to-date: /home/rodrigo/ros2_ws/install/robotarm/share/dynamixel_ros2/local_setup.sh
[3.397s] -- Up-to-date: /home/rodrigo/ros2_ws/install/robotarm/share/dynamixel_ros2/local_setup.zsh
[3.397s] -- Up-to-date: /home/rodrigo/ros2_ws/install/robotarm/share/dynamixel_ros2/local_setup.dsv
[3.397s] -- Up-to-date: /home/rodrigo/ros2_ws/install/robotarm/share/dynamixel_ros2/package.dsv
[3.397s] -- Up-to-date: /home/rodrigo/ros2_ws/install/robotarm/share/ament_index/resource_index/packages/dynamixel_ros2
[3.397s] -- Up-to-date: /home/rodrigo/ros2_ws/install/robotarm/share/dynamixel_ros2/cmake/ament_cmake_export_include_directories-extras.cmake
[3.397s] -- Up-to-date: /home/rodrigo/ros2_ws/install/robotarm/share/dynamixel_ros2/cmake/ament_cmake_export_libraries-extras.cmake
[3.397s] -- Up-to-date: /home/rodrigo/ros2_ws/install/robotarm/share/dynamixel_ros2/cmake/dynamixel_ros2Config.cmake
[3.397s] -- Up-to-date: /home/rodrigo/ros2_ws/install/robotarm/share/dynamixel_ros2/cmake/dynamixel_ros2Config-version.cmake
[3.397s] -- Up-to-date: /home/rodrigo/ros2_ws/install/robotarm/share/dynamixel_ros2/package.xml
[3.399s] Invoked command in '/home/rodrigo/ros2_ws/build/robotarm' returned '0': CMAKE_PREFIX_PATH=${CMAKE_PREFIX_PATH}:/opt/ros/jazzy DEBUGINFOD_URLS=https://debuginfod.ubuntu.com /usr/bin/cmake --install /home/rodrigo/ros2_ws/build/robotarm
