[01m[K/home/rodrigo/ros2_ws/src/RoboticArm C++/src/Manipulator.cpp:[m[K In function ‘[01m[Kvoid[01;32m[K get_id_claw[m[K(dynamixel::PortHandler*, dynamixel::PacketHandler*, uint16_t**)[m[K’:
[01m[K/home/rodrigo/ros2_ws/src/RoboticArm C++/src/Manipulator.cpp:109:58:[m[K [01;31m[Kerror: [m[Kcannot convert ‘[01m[Kuint16_t*[m[K’ {aka ‘[01m[Kshort unsigned int*[m[K’} to ‘[01m[Kuint8_t*[m[K’ {aka ‘[01m[Kunsigned char*[m[K’}
  109 |   packetHandler->read1ByteTxRx(portHandler, ID_1, 7, [01;31m[Kid[1][m[K);
      |                                                      [01;31m[K~~~~^[m[K
      |                                                          [01;31m[K|[m[K
      |                                                          [01;31m[Kuint16_t* {aka short unsigned int*}[m[K
In file included from [01m[K/opt/ros/jazzy/include/dynamixel_sdk/group_bulk_read.h:27[m[K,
                 from [01m[K/opt/ros/jazzy/include/dynamixel_sdk/dynamixel_sdk.h:26[m[K,
                 from [01m[K/home/rodrigo/ros2_ws/src/RoboticArm C++/include/dynamixel_ros2/include/dynamixel_ros2.h:5[m[K,
                 from [01m[K/home/rodrigo/ros2_ws/src/RoboticArm C++/src/../include/robotic_arm.h:113[m[K,
                 from [01m[K/home/rodrigo/ros2_ws/src/RoboticArm C++/src/Manipulator.cpp:1[m[K:
[01m[K/opt/ros/jazzy/include/dynamixel_sdk/packet_handler.h:354:90:[m[K [01;36m[Knote: [m[K  initializing argument 4 of ‘[01m[Kvirtual int dynamixel::PacketHandler::[01;32m[Kread1ByteTxRx[m[K(dynamixel::PortHandler*, uint8_t, uint16_t, uint8_t*, uint8_t*)[m[K’
  354 |   virtual int read1ByteTxRx   (PortHandler *port, uint8_t id, uint16_t address, [01;36m[Kuint8_t *data[m[K, uint8_t *error = 0) = 0;
      |                                                                                 [01;36m[K~~~~~~~~~^~~~[m[K
[01m[K/home/rodrigo/ros2_ws/src/RoboticArm C++/src/Manipulator.cpp:112:58:[m[K [01;31m[Kerror: [m[Kcannot convert ‘[01m[Kuint16_t*[m[K’ {aka ‘[01m[Kshort unsigned int*[m[K’} to ‘[01m[Kuint8_t*[m[K’ {aka ‘[01m[Kunsigned char*[m[K’}
  112 |   packetHandler->read1ByteTxRx(portHandler, ID_2, 7, [01;31m[Kid[3][m[K);
      |                                                      [01;31m[K~~~~^[m[K
      |                                                          [01;31m[K|[m[K
      |                                                          [01;31m[Kuint16_t* {aka short unsigned int*}[m[K
[01m[K/opt/ros/jazzy/include/dynamixel_sdk/packet_handler.h:354:90:[m[K [01;36m[Knote: [m[K  initializing argument 4 of ‘[01m[Kvirtual int dynamixel::PacketHandler::[01;32m[Kread1ByteTxRx[m[K(dynamixel::PortHandler*, uint8_t, uint16_t, uint8_t*, uint8_t*)[m[K’
  354 |   virtual int read1ByteTxRx   (PortHandler *port, uint8_t id, uint16_t address, [01;36m[Kuint8_t *data[m[K, uint8_t *error = 0) = 0;
      |                                                                                 [01;36m[K~~~~~~~~~^~~~[m[K
[01m[K/home/rodrigo/ros2_ws/src/RoboticArm C++/src/Manipulator.cpp:115:57:[m[K [01;31m[Kerror: [m[Kcannot convert ‘[01m[Kuint16_t*[m[K’ {aka ‘[01m[Kshort unsigned int*[m[K’} to ‘[01m[Kuint8_t*[m[K’ {aka ‘[01m[Kunsigned char*[m[K’}
  115 |   packetHandler->read1ByteTxRx(portHandler, ID_3,7, [01;31m[Kid[0][m[K);
      |                                                     [01;31m[K~~~~^[m[K
      |                                                         [01;31m[K|[m[K
      |                                                         [01;31m[Kuint16_t* {aka short unsigned int*}[m[K
[01m[K/opt/ros/jazzy/include/dynamixel_sdk/packet_handler.h:354:90:[m[K [01;36m[Knote: [m[K  initializing argument 4 of ‘[01m[Kvirtual int dynamixel::PacketHandler::[01;32m[Kread1ByteTxRx[m[K(dynamixel::PortHandler*, uint8_t, uint16_t, uint8_t*, uint8_t*)[m[K’
  354 |   virtual int read1ByteTxRx   (PortHandler *port, uint8_t id, uint16_t address, [01;36m[Kuint8_t *data[m[K, uint8_t *error = 0) = 0;
      |                                                                                 [01;36m[K~~~~~~~~~^~~~[m[K
[01m[K/home/rodrigo/ros2_ws/src/RoboticArm C++/src/Manipulator.cpp:118:58:[m[K [01;31m[Kerror: [m[Kcannot convert ‘[01m[Kuint16_t*[m[K’ {aka ‘[01m[Kshort unsigned int*[m[K’} to ‘[01m[Kuint8_t*[m[K’ {aka ‘[01m[Kunsigned char*[m[K’}
  118 |   packetHandler->read1ByteTxRx(portHandler, ID_5, 7, [01;31m[Kid[2][m[K);
      |                                                      [01;31m[K~~~~^[m[K
      |                                                          [01;31m[K|[m[K
      |                                                          [01;31m[Kuint16_t* {aka short unsigned int*}[m[K
[01m[K/opt/ros/jazzy/include/dynamixel_sdk/packet_handler.h:354:90:[m[K [01;36m[Knote: [m[K  initializing argument 4 of ‘[01m[Kvirtual int dynamixel::PacketHandler::[01;32m[Kread1ByteTxRx[m[K(dynamixel::PortHandler*, uint8_t, uint16_t, uint8_t*, uint8_t*)[m[K’
  354 |   virtual int read1ByteTxRx   (PortHandler *port, uint8_t id, uint16_t address, [01;36m[Kuint8_t *data[m[K, uint8_t *error = 0) = 0;
      |                                                                                 [01;36m[K~~~~~~~~~^~~~[m[K
[01m[K/home/rodrigo/ros2_ws/src/RoboticArm C++/src/Manipulator.cpp:121:59:[m[K [01;31m[Kerror: [m[Kcannot convert ‘[01m[Kuint16_t*[m[K’ {aka ‘[01m[Kshort unsigned int*[m[K’} to ‘[01m[Kuint8_t*[m[K’ {aka ‘[01m[Kunsigned char*[m[K’}
  121 |   packetHandler->read1ByteTxRx(portHandler, ID_12, 7, [01;31m[Kid[4][m[K);
      |                                                       [01;31m[K~~~~^[m[K
      |                                                           [01;31m[K|[m[K
      |                                                           [01;31m[Kuint16_t* {aka short unsigned int*}[m[K
[01m[K/opt/ros/jazzy/include/dynamixel_sdk/packet_handler.h:354:90:[m[K [01;36m[Knote: [m[K  initializing argument 4 of ‘[01m[Kvirtual int dynamixel::PacketHandler::[01;32m[Kread1ByteTxRx[m[K(dynamixel::PortHandler*, uint8_t, uint16_t, uint8_t*, uint8_t*)[m[K’
  354 |   virtual int read1ByteTxRx   (PortHandler *port, uint8_t id, uint16_t address, [01;36m[Kuint8_t *data[m[K, uint8_t *error = 0) = 0;
      |                                                                                 [01;36m[K~~~~~~~~~^~~~[m[K
[01m[K/home/rodrigo/ros2_ws/src/RoboticArm C++/src/Manipulator.cpp:[m[K In member function ‘[01m[Kvoid Manipulator::[01;32m[KgetIDS[m[K(uint8_t**)[m[K’:
[01m[K/home/rodrigo/ros2_ws/src/RoboticArm C++/src/Manipulator.cpp:323:41:[m[K [01;31m[Kerror: [m[Kcannot convert ‘[01m[Kuint8_t**[m[K’ {aka ‘[01m[Kunsigned char**[m[K’} to ‘[01m[Kuint16_t**[m[K’ {aka ‘[01m[Kshort unsigned int**[m[K’}
  323 |   get_id_claw(portHandler,packetHandler,[01;31m[Kid_claw[m[K);
      |                                         [01;31m[K^~~~~~~[m[K
      |                                         [01;31m[K|[m[K
      |                                         [01;31m[Kuint8_t** {aka unsigned char**}[m[K
[01m[K/home/rodrigo/ros2_ws/src/RoboticArm C++/src/Manipulator.cpp:106:105:[m[K [01;36m[Knote: [m[K  initializing argument 3 of ‘[01m[Kvoid[01;32m[K get_id_claw[m[K(dynamixel::PortHandler*, dynamixel::PacketHandler*, uint16_t**)[m[K’
  106 | void get_id_claw(dynamixel::PortHandler *portHandler,dynamixel::PacketHandler *packetHandler, [01;36m[Kuint16_t *id[5][m[K)
      |                                                                                               [01;36m[K~~~~~~~~~~^~~~~[m[K
[01m[K/home/rodrigo/ros2_ws/src/RoboticArm C++/src/Manipulator.cpp:328:16:[m[K [01;35m[Kwarning: [m[Kcast to pointer from integer of different size [[01;35m[K]8;;https://gcc.gnu.org/onlinedocs/gcc/Warning-Options.html#index-Wint-to-pointer-cast-Wint-to-pointer-cast]8;;[m[K]
  328 |       ids[i] = [01;35m[K(uint8_t*)id_arm[i][m[K;
      |                [01;35m[K^~~~~~~~~~~~~~~~~~~[m[K
[01m[K/home/rodrigo/ros2_ws/src/RoboticArm C++/src/Manipulator.cpp:[m[K In member function ‘[01m[Kvoid Manipulator::[01;32m[KsetIDS[m[K(uint8_t*)[m[K’:
[01m[K/home/rodrigo/ros2_ws/src/RoboticArm C++/src/Manipulator.cpp:353:41:[m[K [01;31m[Kerror: [m[Kcannot convert ‘[01m[Kuint8_t*[m[K’ {aka ‘[01m[Kunsigned char*[m[K’} to ‘[01m[Kuint16_t*[m[K’ {aka ‘[01m[Kshort unsigned int*[m[K’}
  353 |   set_id_claw(portHandler,packetHandler,[01;31m[Kid_claw[m[K);
      |                                         [01;31m[K^~~~~~~[m[K
      |                                         [01;31m[K|[m[K
      |                                         [01;31m[Kuint8_t* {aka unsigned char*}[m[K
[01m[K/home/rodrigo/ros2_ws/src/RoboticArm C++/src/Manipulator.cpp:125:104:[m[K [01;36m[Knote: [m[K  initializing argument 3 of ‘[01m[Kvoid[01;32m[K set_id_claw[m[K(dynamixel::PortHandler*, dynamixel::PacketHandler*, uint16_t*)[m[K’
  125 | void set_id_claw(dynamixel::PortHandler *portHandler,dynamixel::PacketHandler *packetHandler, [01;36m[Kuint16_t id[5][m[K)
      |                                                                                               [01;36m[K~~~~~~~~~^~~~~[m[K
gmake[2]: *** [CMakeFiles/mifunciones.dir/build.make:104: CMakeFiles/mifunciones.dir/src/Manipulator.cpp.o] Error 1
gmake[1]: *** [CMakeFiles/Makefile2:168: CMakeFiles/mifunciones.dir/all] Error 2
gmake: *** [Makefile:146: all] Error 2
