-- Found ament_cmake: 2.5.5 (/opt/ros/jazzy/share/ament_cmake/cmake)
-- Found rclcpp: 28.1.16 (/opt/ros/jazzy/share/rclcpp/cmake)
-- Found rosidl_generator_c: 4.6.7 (/opt/ros/jazzy/share/rosidl_generator_c/cmake)
-- Found rosidl_generator_cpp: 4.6.7 (/opt/ros/jazzy/share/rosidl_generator_cpp/cmake)
-- Using all available rosidl_typesupport_c: rosidl_typesupport_fastrtps_c;rosidl_typesupport_introspection_c
-- Using all available rosidl_typesupport_cpp: rosidl_typesupport_fastrtps_cpp;rosidl_typesupport_introspection_cpp
-- Found rmw_implementation_cmake: 7.3.3 (/opt/ros/jazzy/share/rmw_implementation_cmake/cmake)
-- Found rmw_fastrtps_cpp: 8.4.3 (/opt/ros/jazzy/share/rmw_fastrtps_cpp/cmake)
-- Using RMW implementation 'rmw_fastrtps_cpp' as default
-- Found dynamixel_sdk: 4.0.3 (/opt/ros/jazzy/share/dynamixel_sdk/cmake)
-- Found std_msgs: 5.3.6 (/opt/ros/jazzy/share/std_msgs/cmake)
-- Found rosidl_default_generators: 1.6.0 (/opt/ros/jazzy/share/rosidl_default_generators/cmake)
-- Found rosidl_adapter: 4.6.7 (/opt/ros/jazzy/share/rosidl_adapter/cmake)
-- Configuring done (0.5s)
-- Generating done (0.0s)
-- Build files have been written to: /home/rodrigo/ros2_ws/build/robotarm
[  9%] Built target dynamixel_ros2_lib
[ 33%] Built target mifunciones
[ 52%] Built target blinkingLED
[ 52%] Built target testPositionControl
[ 71%] Built target pinzaTest
[ 71%] Built target testPWMControl
[ 85%] Built target testCommunication
[ 85%] [32mBuilding CXX object CMakeFiles/tester.dir/test/main_tester.cpp.o[0m
[ 95%] Built target dmxlParamsMonitor
[100%] [32m[1mLinking CXX executable tester[0m
[100%] Built target tester
-- Install configuration: ""
-- Installing: /home/rodrigo/ros2_ws/install/robotarm/lib/robotarm/tester
-- Set non-toolchain portion of runtime path of "/home/rodrigo/ros2_ws/install/robotarm/lib/robotarm/tester" to "$ORIGIN"
-- Up-to-date: /home/rodrigo/ros2_ws/install/robotarm/lib/robotarm/libdynamixel_ros2_lib.so
-- Up-to-date: /home/rodrigo/ros2_ws/install/robotarm/lib/robotarm/libservo_api.so
-- Up-to-date: /home/rodrigo/ros2_ws/install/robotarm/share/ament_index/resource_index/package_run_dependencies/robotarm
-- Up-to-date: /home/rodrigo/ros2_ws/install/robotarm/share/ament_index/resource_index/parent_prefix_path/robotarm
-- Up-to-date: /home/rodrigo/ros2_ws/install/robotarm/share/robotarm/environment/ament_prefix_path.sh
-- Up-to-date: /home/rodrigo/ros2_ws/install/robotarm/share/robotarm/environment/ament_prefix_path.dsv
-- Up-to-date: /home/rodrigo/ros2_ws/install/robotarm/share/robotarm/environment/path.sh
-- Up-to-date: /home/rodrigo/ros2_ws/install/robotarm/share/robotarm/environment/path.dsv
-- Up-to-date: /home/rodrigo/ros2_ws/install/robotarm/share/robotarm/local_setup.bash
-- Installing: /home/rodrigo/ros2_ws/install/robotarm/share/robotarm/local_setup.sh
-- Up-to-date: /home/rodrigo/ros2_ws/install/robotarm/share/robotarm/local_setup.zsh
-- Up-to-date: /home/rodrigo/ros2_ws/install/robotarm/share/robotarm/local_setup.dsv
-- Installing: /home/rodrigo/ros2_ws/install/robotarm/share/robotarm/package.dsv
-- Up-to-date: /home/rodrigo/ros2_ws/install/robotarm/share/ament_index/resource_index/packages/robotarm
-- Up-to-date: /home/rodrigo/ros2_ws/install/robotarm/share/robotarm/cmake/robotarmConfig.cmake
-- Up-to-date: /home/rodrigo/ros2_ws/install/robotarm/share/robotarm/cmake/robotarmConfig-version.cmake
-- Up-to-date: /home/rodrigo/ros2_ws/install/robotarm/share/robotarm/package.xml
-- Up-to-date: /home/rodrigo/ros2_ws/install/robotarm/include
-- Up-to-date: /home/rodrigo/ros2_ws/install/robotarm/include/dynamixel_ros2.h
-- Up-to-date: /home/rodrigo/ros2_ws/install/robotarm/lib/dynamixel_ros2/testCommunication
-- Up-to-date: /home/rodrigo/ros2_ws/install/robotarm/lib/dynamixel_ros2/blinkingLED
-- Up-to-date: /home/rodrigo/ros2_ws/install/robotarm/lib/dynamixel_ros2/testPositionControl
-- Up-to-date: /home/rodrigo/ros2_ws/install/robotarm/lib/dynamixel_ros2/testPWMControl
-- Up-to-date: /home/rodrigo/ros2_ws/install/robotarm/lib/dynamixel_ros2/dmxlParamsMonitor
-- Up-to-date: /home/rodrigo/ros2_ws/install/robotarm/lib/dynamixel_ros2/pinzaTest
-- Up-to-date: /home/rodrigo/ros2_ws/install/robotarm/lib/libdynamixel_ros2_lib.so
-- Up-to-date: /home/rodrigo/ros2_ws/install/robotarm/share/dynamixel_ros2/environment/library_path.sh
-- Up-to-date: /home/rodrigo/ros2_ws/install/robotarm/share/dynamixel_ros2/environment/library_path.dsv
-- Up-to-date: /home/rodrigo/ros2_ws/install/robotarm/share/ament_index/resource_index/package_run_dependencies/dynamixel_ros2
-- Up-to-date: /home/rodrigo/ros2_ws/install/robotarm/share/ament_index/resource_index/parent_prefix_path/dynamixel_ros2
-- Up-to-date: /home/rodrigo/ros2_ws/install/robotarm/share/dynamixel_ros2/environment/ament_prefix_path.sh
-- Up-to-date: /home/rodrigo/ros2_ws/install/robotarm/share/dynamixel_ros2/environment/ament_prefix_path.dsv
-- Up-to-date: /home/rodrigo/ros2_ws/install/robotarm/share/dynamixel_ros2/environment/path.sh
-- Up-to-date: /home/rodrigo/ros2_ws/install/robotarm/share/dynamixel_ros2/environment/path.dsv
-- Up-to-date: /home/rodrigo/ros2_ws/install/robotarm/share/dynamixel_ros2/local_setup.bash
-- Installing: /home/rodrigo/ros2_ws/install/robotarm/share/dynamixel_ros2/local_setup.sh
-- Up-to-date: /home/rodrigo/ros2_ws/install/robotarm/share/dynamixel_ros2/local_setup.zsh
-- Up-to-date: /home/rodrigo/ros2_ws/install/robotarm/share/dynamixel_ros2/local_setup.dsv
-- Up-to-date: /home/rodrigo/ros2_ws/install/robotarm/share/dynamixel_ros2/package.dsv
-- Up-to-date: /home/rodrigo/ros2_ws/install/robotarm/share/ament_index/resource_index/packages/dynamixel_ros2
-- Up-to-date: /home/rodrigo/ros2_ws/install/robotarm/share/dynamixel_ros2/cmake/ament_cmake_export_include_directories-extras.cmake
-- Up-to-date: /home/rodrigo/ros2_ws/install/robotarm/share/dynamixel_ros2/cmake/ament_cmake_export_libraries-extras.cmake
-- Up-to-date: /home/rodrigo/ros2_ws/install/robotarm/share/dynamixel_ros2/cmake/dynamixel_ros2Config.cmake
-- Up-to-date: /home/rodrigo/ros2_ws/install/robotarm/share/dynamixel_ros2/cmake/dynamixel_ros2Config-version.cmake
-- Up-to-date: /home/rodrigo/ros2_ws/install/robotarm/share/dynamixel_ros2/package.xml
