[0.008s] Invoking command in '/home/rodrigo/ros2_ws/build/robotarm': CMAKE_PREFIX_PATH=${CMAKE_PREFIX_PATH}:/opt/ros/jazzy DEBUGINFOD_URLS=https://debuginfod.ubuntu.com /usr/bin/cmake --build /home/rodrigo/ros2_ws/build/robotarm -- -j12 -l12
[0.029s] -- Found ament_cmake: 2.5.5 (/opt/ros/jazzy/share/ament_cmake/cmake)
[0.199s] -- Found rclcpp: 28.1.16 (/opt/ros/jazzy/share/rclcpp/cmake)
[0.221s] -- Found rosidl_generator_c: 4.6.7 (/opt/ros/jazzy/share/rosidl_generator_c/cmake)
[0.228s] -- Found rosidl_generator_cpp: 4.6.7 (/opt/ros/jazzy/share/rosidl_generator_cpp/cmake)
[0.237s] -- Using all available rosidl_typesupport_c: rosidl_typesupport_fastrtps_c;rosidl_typesupport_introspection_c
[0.247s] -- Using all available rosidl_typesupport_cpp: rosidl_typesupport_fastrtps_cpp;rosidl_typesupport_introspection_cpp
[0.295s] -- Found rmw_implementation_cmake: 7.3.3 (/opt/ros/jazzy/share/rmw_implementation_cmake/cmake)
[0.296s] -- Found rmw_fastrtps_cpp: 8.4.3 (/opt/ros/jazzy/share/rmw_fastrtps_cpp/cmake)
[0.349s] -- Using RMW implementation 'rmw_fastrtps_cpp' as default
[0.396s] -- Found dynamixel_sdk: 4.0.3 (/opt/ros/jazzy/share/dynamixel_sdk/cmake)
[0.398s] -- Found std_msgs: 5.3.6 (/opt/ros/jazzy/share/std_msgs/cmake)
[0.408s] -- Found rosidl_default_generators: 1.6.0 (/opt/ros/jazzy/share/rosidl_default_generators/cmake)
[0.415s] -- Found rosidl_adapter: 4.6.7 (/opt/ros/jazzy/share/rosidl_adapter/cmake)
[0.571s] -- Configuring done (0.5s)
[0.596s] -- Generating done (0.0s)
[0.607s] -- Build files have been written to: /home/rodrigo/ros2_ws/build/robotarm
[0.641s] [  9%] Built target dynamixel_ros2_lib
[0.643s] [ 33%] Built target mifunciones
[0.661s] [ 52%] Built target blinkingLED
[0.661s] [ 52%] Built target testPositionControl
[0.663s] [ 71%] Built target pinzaTest
[0.663s] [ 71%] Built target testPWMControl
[0.663s] [ 85%] Built target testCommunication
[0.663s] [ 85%] [32mBuilding CXX object CMakeFiles/tester.dir/test/main_tester.cpp.o[0m
[0.665s] [ 95%] Built target dmxlParamsMonitor
[1.355s] [100%] [32m[1mLinking CXX executable tester[0m
[1.478s] [100%] Built target tester
[1.487s] Invoked command in '/home/rodrigo/ros2_ws/build/robotarm' returned '0': CMAKE_PREFIX_PATH=${CMAKE_PREFIX_PATH}:/opt/ros/jazzy DEBUGINFOD_URLS=https://debuginfod.ubuntu.com /usr/bin/cmake --build /home/rodrigo/ros2_ws/build/robotarm -- -j12 -l12
[1.495s] Invoking command in '/home/rodrigo/ros2_ws/build/robotarm': CMAKE_PREFIX_PATH=${CMAKE_PREFIX_PATH}:/opt/ros/jazzy DEBUGINFOD_URLS=https://debuginfod.ubuntu.com /usr/bin/cmake --install /home/rodrigo/ros2_ws/build/robotarm
[1.500s] -- Install configuration: ""
[1.500s] -- Installing: /home/rodrigo/ros2_ws/install/robotarm/lib/robotarm/tester
[1.501s] -- Set non-toolchain portion of runtime path of "/home/rodrigo/ros2_ws/install/robotarm/lib/robotarm/tester" to "$ORIGIN"
[1.501s] -- Up-to-date: /home/rodrigo/ros2_ws/install/robotarm/lib/robotarm/libdynamixel_ros2_lib.so
[1.501s] -- Up-to-date: /home/rodrigo/ros2_ws/install/robotarm/lib/robotarm/libservo_api.so
[1.501s] -- Up-to-date: /home/rodrigo/ros2_ws/install/robotarm/share/ament_index/resource_index/package_run_dependencies/robotarm
[1.501s] -- Up-to-date: /home/rodrigo/ros2_ws/install/robotarm/share/ament_index/resource_index/parent_prefix_path/robotarm
[1.501s] -- Up-to-date: /home/rodrigo/ros2_ws/install/robotarm/share/robotarm/environment/ament_prefix_path.sh
[1.501s] -- Up-to-date: /home/rodrigo/ros2_ws/install/robotarm/share/robotarm/environment/ament_prefix_path.dsv
[1.501s] -- Up-to-date: /home/rodrigo/ros2_ws/install/robotarm/share/robotarm/environment/path.sh
[1.501s] -- Up-to-date: /home/rodrigo/ros2_ws/install/robotarm/share/robotarm/environment/path.dsv
[1.501s] -- Up-to-date: /home/rodrigo/ros2_ws/install/robotarm/share/robotarm/local_setup.bash
[1.502s] -- Installing: /home/rodrigo/ros2_ws/install/robotarm/share/robotarm/local_setup.sh
[1.502s] -- Up-to-date: /home/rodrigo/ros2_ws/install/robotarm/share/robotarm/local_setup.zsh
[1.502s] -- Up-to-date: /home/rodrigo/ros2_ws/install/robotarm/share/robotarm/local_setup.dsv
[1.502s] -- Installing: /home/rodrigo/ros2_ws/install/robotarm/share/robotarm/package.dsv
[1.502s] -- Up-to-date: /home/rodrigo/ros2_ws/install/robotarm/share/ament_index/resource_index/packages/robotarm
[1.502s] -- Up-to-date: /home/rodrigo/ros2_ws/install/robotarm/share/robotarm/cmake/robotarmConfig.cmake
[1.502s] -- Up-to-date: /home/rodrigo/ros2_ws/install/robotarm/share/robotarm/cmake/robotarmConfig-version.cmake
[1.502s] -- Up-to-date: /home/rodrigo/ros2_ws/install/robotarm/share/robotarm/package.xml
[1.502s] -- Up-to-date: /home/rodrigo/ros2_ws/install/robotarm/include
[1.502s] -- Up-to-date: /home/rodrigo/ros2_ws/install/robotarm/include/dynamixel_ros2.h
[1.502s] -- Up-to-date: /home/rodrigo/ros2_ws/install/robotarm/lib/dynamixel_ros2/testCommunication
[1.502s] -- Up-to-date: /home/rodrigo/ros2_ws/install/robotarm/lib/dynamixel_ros2/blinkingLED
[1.502s] -- Up-to-date: /home/rodrigo/ros2_ws/install/robotarm/lib/dynamixel_ros2/testPositionControl
[1.502s] -- Up-to-date: /home/rodrigo/ros2_ws/install/robotarm/lib/dynamixel_ros2/testPWMControl
[1.502s] -- Up-to-date: /home/rodrigo/ros2_ws/install/robotarm/lib/dynamixel_ros2/dmxlParamsMonitor
[1.503s] -- Up-to-date: /home/rodrigo/ros2_ws/install/robotarm/lib/dynamixel_ros2/pinzaTest
[1.503s] -- Up-to-date: /home/rodrigo/ros2_ws/install/robotarm/lib/libdynamixel_ros2_lib.so
[1.503s] -- Up-to-date: /home/rodrigo/ros2_ws/install/robotarm/share/dynamixel_ros2/environment/library_path.sh
[1.503s] -- Up-to-date: /home/rodrigo/ros2_ws/install/robotarm/share/dynamixel_ros2/environment/library_path.dsv
[1.503s] -- Up-to-date: /home/rodrigo/ros2_ws/install/robotarm/share/ament_index/resource_index/package_run_dependencies/dynamixel_ros2
[1.503s] -- Up-to-date: /home/rodrigo/ros2_ws/install/robotarm/share/ament_index/resource_index/parent_prefix_path/dynamixel_ros2
[1.503s] -- Up-to-date: /home/rodrigo/ros2_ws/install/robotarm/share/dynamixel_ros2/environment/ament_prefix_path.sh
[1.503s] -- Up-to-date: /home/rodrigo/ros2_ws/install/robotarm/share/dynamixel_ros2/environment/ament_prefix_path.dsv
[1.503s] -- Up-to-date: /home/rodrigo/ros2_ws/install/robotarm/share/dynamixel_ros2/environment/path.sh
[1.503s] -- Up-to-date: /home/rodrigo/ros2_ws/install/robotarm/share/dynamixel_ros2/environment/path.dsv
[1.503s] -- Up-to-date: /home/rodrigo/ros2_ws/install/robotarm/share/dynamixel_ros2/local_setup.bash
[1.504s] -- Installing: /home/rodrigo/ros2_ws/install/robotarm/share/dynamixel_ros2/local_setup.sh
[1.504s] -- Up-to-date: /home/rodrigo/ros2_ws/install/robotarm/share/dynamixel_ros2/local_setup.zsh
[1.504s] -- Up-to-date: /home/rodrigo/ros2_ws/install/robotarm/share/dynamixel_ros2/local_setup.dsv
[1.504s] -- Up-to-date: /home/rodrigo/ros2_ws/install/robotarm/share/dynamixel_ros2/package.dsv
[1.504s] -- Up-to-date: /home/rodrigo/ros2_ws/install/robotarm/share/ament_index/resource_index/packages/dynamixel_ros2
[1.504s] -- Up-to-date: /home/rodrigo/ros2_ws/install/robotarm/share/dynamixel_ros2/cmake/ament_cmake_export_include_directories-extras.cmake
[1.504s] -- Up-to-date: /home/rodrigo/ros2_ws/install/robotarm/share/dynamixel_ros2/cmake/ament_cmake_export_libraries-extras.cmake
[1.504s] -- Up-to-date: /home/rodrigo/ros2_ws/install/robotarm/share/dynamixel_ros2/cmake/dynamixel_ros2Config.cmake
[1.504s] -- Up-to-date: /home/rodrigo/ros2_ws/install/robotarm/share/dynamixel_ros2/cmake/dynamixel_ros2Config-version.cmake
[1.504s] -- Up-to-date: /home/rodrigo/ros2_ws/install/robotarm/share/dynamixel_ros2/package.xml
[1.505s] Invoked command in '/home/rodrigo/ros2_ws/build/robotarm' returned '0': CMAKE_PREFIX_PATH=${CMAKE_PREFIX_PATH}:/opt/ros/jazzy DEBUGINFOD_URLS=https://debuginfod.ubuntu.com /usr/bin/cmake --install /home/rodrigo/ros2_ws/build/robotarm
