-- Found ament_cmake: 2.5.5 (/opt/ros/jazzy/share/ament_cmake/cmake)
-- Found rclcpp: 28.1.16 (/opt/ros/jazzy/share/rclcpp/cmake)
-- Found rosidl_generator_c: 4.6.7 (/opt/ros/jazzy/share/rosidl_generator_c/cmake)
-- Found rosidl_generator_cpp: 4.6.7 (/opt/ros/jazzy/share/rosidl_generator_cpp/cmake)
-- Using all available rosidl_typesupport_c: rosidl_typesupport_fastrtps_c;rosidl_typesupport_introspection_c
-- Using all available rosidl_typesupport_cpp: rosidl_typesupport_fastrtps_cpp;rosidl_typesupport_introspection_cpp
-- Found rmw_implementation_cmake: 7.3.3 (/opt/ros/jazzy/share/rmw_implementation_cmake/cmake)
-- Found rmw_fastrtps_cpp: 8.4.3 (/opt/ros/jazzy/share/rmw_fastrtps_cpp/cmake)
-- Using RMW implementation 'rmw_fastrtps_cpp' as default
-- Found dynamixel_sdk: 4.0.3 (/opt/ros/jazzy/share/dynamixel_sdk/cmake)
-- Found std_msgs: 5.3.6 (/opt/ros/jazzy/share/std_msgs/cmake)
-- Found rosidl_default_generators: 1.6.0 (/opt/ros/jazzy/share/rosidl_default_generators/cmake)
-- Found rosidl_adapter: 4.6.7 (/opt/ros/jazzy/share/rosidl_adapter/cmake)
-- Configuring done (0.5s)
-- Generating done (0.0s)
-- Build files have been written to: /home/rodrigo/ros2_ws/build/robotarm
[  4%] [32mBuilding C object CMakeFiles/mifunciones.dir/src/ft_init_motors_arm.c.o[0m
[ 23%] [32mBuilding CXX object CMakeFiles/mifunciones.dir/src/Manipulator.cpp.o[0m
[ 23%] Built target dynamixel_ros2_lib
[ 23%] [32mBuilding CXX object CMakeFiles/mifunciones.dir/src/ft_full_manual_mode.cpp.o[0m
[ 28%] [32mBuilding C object CMakeFiles/mifunciones.dir/src/ft_manual_mode.c.o[0m
[ 57%] Built target testPositionControl
[ 57%] Built target testCommunication
[ 57%] Built target dmxlParamsMonitor
[ 66%] Built target testPWMControl
[ 76%] Built target blinkingLED
[ 85%] Built target pinzaTest
[ 90%] [32m[1mLinking CXX static library libmifunciones.a[0m
[ 90%] Built target mifunciones
[ 95%] [32mBuilding CXX object CMakeFiles/tester.dir/test/prueba_log.cpp.o[0m
